// Jest Snapshot v1, https://goo.gl/fbAQLP

exports[`Login Component snapshot for app component 1`] = `
Object {
  "asFragment": [Function],
  "baseElement": <body>
    <div>
      <div
        class="flex-col w-full h-screen"
      >
        <div
          class="h-full"
        >
          <div
            class="grid grid-cols-3 h-full"
          >
            <div
              class="bg-blue-500 hidden md:block"
            />
            <div
              class="col-span-2 flex justify-center items-center"
            >
              <div
                class="min-w-[450] px-8"
              >
                <div
                  class="mb-10"
                >
                  <h1
                    class="text-3xl font-bold"
                  >
                    WELCOME TO THE LOGIN SCREEN
                  </h1>
                  <p
                    class="font-semibold"
                  >
                    PLEASE ENTER YOUR CREDENTIALS
                  </p>
                </div>
                <form>
                  <div
                    class="mb-3"
                  >
                    <label>
                      Email
                    </label>
                    <input
                      class="w-full border 
 rounded bg-transparent border-gray-400 p-3"
                      placeholder="Enter Your Email"
                      type="email"
                    />
                  </div>
                  <div
                    class="mb-3"
                  >
                    <label>
                      Password
                    </label>
                    <input
                      class="w-full border 
 rounded bg-transparent border-gray-400 p-3"
                      placeholder="Enter The Password"
                      type="password"
                    />
                  </div>
                  <button
                    class="bg-blue-400 hover:bg-blue-600
 text-white w-full py-2 px rounded"
                  >
                    LOGIN
                  </button>
                </form>
              </div>
            </div>
          </div>
        </div>
      </div>
    </div>
  </body>,
  "container": <div>
    <div
      class="flex-col w-full h-screen"
    >
      <div
        class="h-full"
      >
        <div
          class="grid grid-cols-3 h-full"
        >
          <div
            class="bg-blue-500 hidden md:block"
          />
          <div
            class="col-span-2 flex justify-center items-center"
          >
            <div
              class="min-w-[450] px-8"
            >
              <div
                class="mb-10"
              >
                <h1
                  class="text-3xl font-bold"
                >
                  WELCOME TO THE LOGIN SCREEN
                </h1>
                <p
                  class="font-semibold"
                >
                  PLEASE ENTER YOUR CREDENTIALS
                </p>
              </div>
              <form>
                <div
                  class="mb-3"
                >
                  <label>
                    Email
                  </label>
                  <input
                    class="w-full border 
 rounded bg-transparent border-gray-400 p-3"
                    placeholder="Enter Your Email"
                    type="email"
                  />
                </div>
                <div
                  class="mb-3"
                >
                  <label>
                    Password
                  </label>
                  <input
                    class="w-full border 
 rounded bg-transparent border-gray-400 p-3"
                    placeholder="Enter The Password"
                    type="password"
                  />
                </div>
                <button
                  class="bg-blue-400 hover:bg-blue-600
 text-white w-full py-2 px rounded"
                >
                  LOGIN
                </button>
              </form>
            </div>
          </div>
        </div>
      </div>
    </div>
  </div>,
  "debug": [Function],
  "findAllByAltText": [Function],
  "findAllByDisplayValue": [Function],
  "findAllByLabelText": [Function],
  "findAllByPlaceholderText": [Function],
  "findAllByRole": [Function],
  "findAllByTestId": [Function],
  "findAllByText": [Function],
  "findAllByTitle": [Function],
  "findByAltText": [Function],
  "findByDisplayValue": [Function],
  "findByLabelText": [Function],
  "findByPlaceholderText": [Function],
  "findByRole": [Function],
  "findByTestId": [Function],
  "findByText": [Function],
  "findByTitle": [Function],
  "getAllByAltText": [Function],
  "getAllByDisplayValue": [Function],
  "getAllByLabelText": [Function],
  "getAllByPlaceholderText": [Function],
  "getAllByRole": [Function],
  "getAllByTestId": [Function],
  "getAllByText": [Function],
  "getAllByTitle": [Function],
  "getByAltText": [Function],
  "getByDisplayValue": [Function],
  "getByLabelText": [Function],
  "getByPlaceholderText": [Function],
  "getByRole": [Function],
  "getByTestId": [Function],
  "getByText": [Function],
  "getByTitle": [Function],
  "queryAllByAltText": [Function],
  "queryAllByDisplayValue": [Function],
  "queryAllByLabelText": [Function],
  "queryAllByPlaceholderText": [Function],
  "queryAllByRole": [Function],
  "queryAllByTestId": [Function],
  "queryAllByText": [Function],
  "queryAllByTitle": [Function],
  "queryByAltText": [Function],
  "queryByDisplayValue": [Function],
  "queryByLabelText": [Function],
  "queryByPlaceholderText": [Function],
  "queryByRole": [Function],
  "queryByTestId": [Function],
  "queryByText": [Function],
  "queryByTitle": [Function],
  "rerender": [Function],
  "unmount": [Function],
}
`;
